07.02.2022 8:37:46 Шаг (И я проверяю или создаю для документа "PriceList" объекты:) не выполнен.

07.02.2022 8:37:48 {ExternalDataProcessor.VanessaAutomation.Form.ПодготовкаИЗагрузкаДанных.Form(293)}: Ошибка при вызове метода контекста (Write): Ошибка при выполнении обработчика - 'BeforeWrite': {CommonModule.UsersEvent.Module(166)}: Ошибка при вызове метода контекста (Write): Ошибка при выполнении обработчика - 'BeforeWrite': {CommonModule.UsersEvent.Module(191)}: Ошибка при получении значения атрибута контекста (CurrentUser): Попытка получения неинициализированного значения параметра сеанса

Технические данные:
        ЗаголовокАктивногоОкна: File_"C__Users_miofik_Documents_TestIRP2"_ (Test app)
        ИмяАктивнойФормы: 
        ИмяФичи: заказ поставщику
        ИмяСценария: _0401 подготовительный сценарий (заказ поставшику)
        НомерСтрокиДерева: 331
        НомерСтрокиФичи: 430
        ПолныйПутьКФиче: C:\Users\miofik\Documents\GitHub\TestQA\Internal\Модуль-4\Закупки\Заказ-поставщику.feature
        ИмяФайла: C:/Program Files/vanessa-automation/features/Libraries/ПодготовкаИЗагрузкаДанных/ПодготовкаИЗагрузкаДанных.epf
        ИмяПроцедуры: ЯПроверяюИлиСоздаюДляДокументаОбъекты
        ИмяРаннера: msk-a77-dev
        ТипПлатформы: Windows x86-64
        ТипКлиентаТестирования: Тонкий
        СтрокаСоединения: File="C:\Users\miofik\Documents\TestIRP2";
        PIDКлиентаТестирования: 30680
        ВерсияVA: ver 1.2.038.1
        ВерсияПлатформы: 8.3.18.1363
        РежимСовместимостиTestManager: DontUse
        ДатаВремяОшибки: 07.02.2022 8:37:48
		
		
07.02.2022 8:38:24 Шаг (И я проверяю или создаю для регистра сведений "CurrencyRates" записи:) не выполнен.
07.02.2022 8:38:26 {ExternalDataProcessor.VanessaAutomation.Form.ПодготовкаИЗагрузкаДанных.Form(567)}: Ошибка при вызове метода контекста (Write): Ошибка при выполнении обработчика - 'BeforeWrite': {CommonModule.UsersEvent.Module(166)}: Ошибка при вызове метода контекста (Write): Ошибка при выполнении обработчика - 'BeforeWrite': {CommonModule.UsersEvent.Module(191)}: Ошибка при получении значения атрибута контекста (CurrentUser): Попытка получения неинициализированного значения параметра сеанса

Технические данные:
        ЗаголовокАктивногоОкна: File_"C__Users_miofik_Documents_TestIRP2"_ (Test app)
        ИмяАктивнойФормы: 
        ИмяФичи: заказ поставщику
        ИмяСценария: _0401 подготовительный сценарий (заказ поставшику)
        НомерСтрокиДерева: 369
        НомерСтрокиФичи: 479
        ПолныйПутьКФиче: C:\Users\miofik\Documents\GitHub\TestQA\Internal\Модуль-4\Закупки\Заказ-поставщику.feature
        ИмяФайла: C:/Program Files/vanessa-automation/features/Libraries/ПодготовкаИЗагрузкаДанных/ПодготовкаИЗагрузкаДанных.epf
        ИмяПроцедуры: ЯПроверяюИлиСоздаюДляРегистраСведенийЗаписи
        ИмяРаннера: msk-a77-dev
        ТипПлатформы: Windows x86-64
        ТипКлиентаТестирования: Тонкий
        СтрокаСоединения: File="C:\Users\miofik\Documents\TestIRP2";
        PIDКлиентаТестирования: 30680
        ВерсияVA: ver 1.2.038.1
        ВерсияПлатформы: 8.3.18.1363
        РежимСовместимостиTestManager: DontUse
        ДатаВремяОшибки: 07.02.2022 8:38:26
		
		
07.02.2022 8:38:48 Шаг (И я проверяю или создаю для регистра сведений "Taxes" записи:) не выполнен.
07.02.2022 8:38:50 {ExternalDataProcessor.VanessaAutomation.Form.ПодготовкаИЗагрузкаДанных.Form(567)}: Ошибка при вызове метода контекста (Write): Ошибка при выполнении обработчика - 'BeforeWrite': {CommonModule.UsersEvent.Module(166)}: Ошибка при вызове метода контекста (Write): Ошибка при выполнении обработчика - 'BeforeWrite': {CommonModule.UsersEvent.Module(191)}: Ошибка при получении значения атрибута контекста (CurrentUser): Попытка получения неинициализированного значения параметра сеанса

Технические данные:
        ЗаголовокАктивногоОкна: File_"C__Users_miofik_Documents_TestIRP2"_ (Test app)
        ИмяАктивнойФормы: 
        ИмяФичи: заказ поставщику
        ИмяСценария: _0401 подготовительный сценарий (заказ поставшику)
        НомерСтрокиДерева: 373
        НомерСтрокиФичи: 486
        ПолныйПутьКФиче: C:\Users\miofik\Documents\GitHub\TestQA\Internal\Модуль-4\Закупки\Заказ-поставщику.feature
        ИмяФайла: C:/Program Files/vanessa-automation/features/Libraries/ПодготовкаИЗагрузкаДанных/ПодготовкаИЗагрузкаДанных.epf
        ИмяПроцедуры: ЯПроверяюИлиСоздаюДляРегистраСведенийЗаписи
        ИмяРаннера: msk-a77-dev
        ТипПлатформы: Windows x86-64
        ТипКлиентаТестирования: Тонкий
        СтрокаСоединения: File="C:\Users\miofik\Documents\TestIRP2";
        PIDКлиентаТестирования: 30680
        ВерсияVA: ver 1.2.038.1
        ВерсияПлатформы: 8.3.18.1363
        РежимСовместимостиTestManager: DontUse
        ДатаВремяОшибки: 07.02.2022 8:38:50
		
		
07.02.2022 8:39:22 Шаг (И я проверяю или создаю для регистра сведений "Barcodes" записи:) не выполнен.
07.02.2022 8:39:24 {ExternalDataProcessor.VanessaAutomation.Form.ПодготовкаИЗагрузкаДанных.Form(567)}: Ошибка при вызове метода контекста (Write): Ошибка при выполнении обработчика - 'BeforeWrite': {CommonModule.UsersEvent.Module(166)}: Ошибка при вызове метода контекста (Write): Ошибка при выполнении обработчика - 'BeforeWrite': {CommonModule.UsersEvent.Module(191)}: Ошибка при получении значения атрибута контекста (CurrentUser): Попытка получения неинициализированного значения параметра сеанса

Технические данные:
        ЗаголовокАктивногоОкна: File_"C__Users_miofik_Documents_TestIRP2"_ (Test app)
        ИмяАктивнойФормы: 
        ИмяФичи: заказ поставщику
        ИмяСценария: _0401 подготовительный сценарий (заказ поставшику)
        НомерСтрокиДерева: 400
        НомерСтрокиФичи: 525
        ПолныйПутьКФиче: C:\Users\miofik\Documents\GitHub\TestQA\Internal\Модуль-4\Закупки\Заказ-поставщику.feature
        ИмяФайла: C:/Program Files/vanessa-automation/features/Libraries/ПодготовкаИЗагрузкаДанных/ПодготовкаИЗагрузкаДанных.epf
        ИмяПроцедуры: ЯПроверяюИлиСоздаюДляРегистраСведенийЗаписи
        ИмяРаннера: msk-a77-dev
        ТипПлатформы: Windows x86-64
        ТипКлиентаТестирования: Тонкий
        СтрокаСоединения: File="C:\Users\miofik\Documents\TestIRP2";
        PIDКлиентаТестирования: 30680
        ВерсияVA: ver 1.2.038.1
        ВерсияПлатформы: 8.3.18.1363
        РежимСовместимостиTestManager: DontUse
        ДатаВремяОшибки: 07.02.2022 8:39:24
		
		
07.02.2022 8:39:41 Шаг (И я проверяю или создаю для регистра сведений "PartnerSegments" записи:) не выполнен.
07.02.2022 8:39:43 {ExternalDataProcessor.VanessaAutomation.Form.ПодготовкаИЗагрузкаДанных.Form(567)}: Ошибка при вызове метода контекста (Write): Ошибка при выполнении обработчика - 'BeforeWrite': {CommonModule.UsersEvent.Module(166)}: Ошибка при вызове метода контекста (Write): Ошибка при выполнении обработчика - 'BeforeWrite': {CommonModule.UsersEvent.Module(191)}: Ошибка при получении значения атрибута контекста (CurrentUser): Попытка получения неинициализированного значения параметра сеанса

Технические данные:
        ЗаголовокАктивногоОкна: File_"C__Users_miofik_Documents_TestIRP2"_ (Test app)
        ИмяАктивнойФормы: 
        ИмяФичи: заказ поставщику
        ИмяСценария: _0401 подготовительный сценарий (заказ поставшику)
        НомерСтрокиДерева: 406
        НомерСтрокиФичи: 532
        ПолныйПутьКФиче: C:\Users\miofik\Documents\GitHub\TestQA\Internal\Модуль-4\Закупки\Заказ-поставщику.feature
        ИмяФайла: C:/Program Files/vanessa-automation/features/Libraries/ПодготовкаИЗагрузкаДанных/ПодготовкаИЗагрузкаДанных.epf
        ИмяПроцедуры: ЯПроверяюИлиСоздаюДляРегистраСведенийЗаписи
        ИмяРаннера: msk-a77-dev
        ТипПлатформы: Windows x86-64
        ТипКлиентаТестирования: Тонкий
        СтрокаСоединения: File="C:\Users\miofik\Documents\TestIRP2";
        PIDКлиентаТестирования: 30680
        ВерсияVA: ver 1.2.038.1
        ВерсияПлатформы: 8.3.18.1363
        РежимСовместимостиTestManager: DontUse
        ДатаВремяОшибки: 07.02.2022 8:39:43	